[INFO] Scanning for projects...
[INFO] 
[INFO] -------------------------< com.nexTime:order >--------------------------
[INFO] Building order 0.0.1-SNAPSHOT
[INFO]   from pom.xml
[INFO] --------------------------------[ jar ]---------------------------------
[INFO] 
[INFO] --- clean:3.3.2:clean (default-clean) @ order ---
[INFO] Deleting C:\Users\Administrador\Documents\Leor things\pos\soat\projeto\ms-order\target
[INFO] 
[INFO] --- jacoco:0.8.11:prepare-agent (default) @ order ---
[INFO] argLine set to "-javaagent:C:\\Users\\Administrador\\.m2\\repository\\org\\jacoco\\org.jacoco.agent\\0.8.11\\org.jacoco.agent-0.8.11-runtime.jar=destfile=C:\\Users\\Administrador\\Documents\\Leor things\\pos\\soat\\projeto\\ms-order\\target\\jacoco.exec"
[INFO] 
[INFO] --- resources:3.3.1:resources (default-resources) @ order ---
[INFO] Copying 2 resources from src\main\resources to target\classes
[INFO] Copying 2 resources from src\main\resources to target\classes
[INFO] 
[INFO] --- compiler:3.11.0:compile (default-compile) @ order ---
[INFO] Changes detected - recompiling the module! :source
[INFO] Compiling 56 source files with javac [debug release 17] to target\classes
[WARNING] /C:/Users/Administrador/Documents/Leor things/pos/soat/projeto/ms-order/src/main/java/com/nexTime/order/application/mapper/ProductMapper.java:[9,1] The mapper com.nexTime.order.application.mapper.ProductMapper is referenced itself in Mapper#uses.
[WARNING] /C:/Users/Administrador/Documents/Leor things/pos/soat/projeto/ms-order/src/main/java/com/nexTime/order/application/mapper/ProductMapper.java:[11,13] Unmapped target property: "id".
[WARNING] /C:/Users/Administrador/Documents/Leor things/pos/soat/projeto/ms-order/src/main/java/com/nexTime/order/application/mapper/ProductMapper.java:[13,21] Unmapped target properties: "category, createdAt, updatedAt".
[WARNING] /C:/Users/Administrador/Documents/Leor things/pos/soat/projeto/ms-order/src/main/java/com/nexTime/order/application/mapper/OrderItemMapper.java:[11,15] Unmapped target properties: "id, product".
[WARNING] /C:/Users/Administrador/Documents/Leor things/pos/soat/projeto/ms-order/src/main/java/com/nexTime/order/application/mapper/OrderItemMapper.java:[13,23] Unmapped target properties: "category, createdAt, updatedAt". Mapping from property "Product product" to "ProductResponse product".
[WARNING] /C:/Users/Administrador/Documents/Leor things/pos/soat/projeto/ms-order/src/main/java/com/nexTime/order/application/mapper/OrderItemMapper.java:[13,23] Unmapped target property: "priceAtPurchase".
[INFO] 
[INFO] --- resources:3.3.1:testResources (default-testResources) @ order ---
[INFO] skip non existing resourceDirectory C:\Users\Administrador\Documents\Leor things\pos\soat\projeto\ms-order\src\test\resources
[INFO] 
[INFO] --- compiler:3.11.0:testCompile (default-testCompile) @ order ---
[INFO] Changes detected - recompiling the module! :dependency
[INFO] Compiling 24 source files with javac [debug release 17] to target\test-classes
[INFO] -------------------------------------------------------------
[ERROR] COMPILATION ERROR : 
[INFO] -------------------------------------------------------------
[ERROR] /C:/Users/Administrador/Documents/Leor things/pos/soat/projeto/ms-order/src/test/java/com/nexTime/order/OrderApplicationTests.java:[10,1] cannot find symbol
  symbol:   method excludeAutoConfiguration()
  location: @interface org.springframework.boot.test.context.SpringBootTest
[INFO] 1 error
[INFO] -------------------------------------------------------------
[INFO] ------------------------------------------------------------------------
[INFO] BUILD FAILURE
[INFO] ------------------------------------------------------------------------
[INFO] Total time:  4.893 s
[INFO] Finished at: 2025-12-23T01:44:38-03:00
[INFO] ------------------------------------------------------------------------
[ERROR] Failed to execute goal org.apache.maven.plugins:maven-compiler-plugin:3.11.0:testCompile (default-testCompile) on project order: Compilation failure
[ERROR] /C:/Users/Administrador/Documents/Leor things/pos/soat/projeto/ms-order/src/test/java/com/nexTime/order/OrderApplicationTests.java:[10,1] cannot find symbol
[ERROR]   symbol:   method excludeAutoConfiguration()
[ERROR]   location: @interface org.springframework.boot.test.context.SpringBootTest
[ERROR] 
[ERROR] -> [Help 1]
[ERROR] 
[ERROR] To see the full stack trace of the errors, re-run Maven with the -e switch.
[ERROR] Re-run Maven using the -X switch to enable full debug logging.
[ERROR] 
[ERROR] For more information about the errors and possible solutions, please read the following articles:
[ERROR] [Help 1] http://cwiki.apache.org/confluence/display/MAVEN/MojoFailureException
